[Wed Apr 27 16:21:30.183347 2022] [php:warn] [pid 33533] [client ::1:55315] PHP Warning:  Undefined array key "material" in /Users/enge552/localhost/test.php on line 35, referer: http://localhost/
[Wed Apr 27 16:21:30.183364 2022] [php:warn] [pid 33533] [client ::1:55315] PHP Warning:  Undefined array key "material" in /Users/enge552/localhost/test.php on line 35, referer: http://localhost/
[Wed Apr 27 16:21:30.183380 2022] [php:warn] [pid 33533] [client ::1:55315] PHP Warning:  Undefined array key "material" in /Users/enge552/localhost/test.php on line 35, referer: http://localhost/
[Wed Apr 27 16:21:30.183502 2022] [php:warn] [pid 33533] [client ::1:55315] PHP Warning:  Undefined array key "material" in /Users/enge552/localhost/test.php on line 35, referer: http://localhost/
[Wed Apr 27 16:21:30.183565 2022] [php:warn] [pid 33533] [client ::1:55315] PHP Warning:  Undefined array key "material" in /Users/enge552/localhost/test.php on line 35, referer: http://localhost/
[Wed Apr 27 16:21:30.183597 2022] [php:warn] [pid 33533] [client ::1:55315] PHP Warning:  Undefined array key "material" in /Users/enge552/localhost/test.php on line 35, referer: http://localhost/
[Wed Apr 27 16:21:30.183626 2022] [php:warn] [pid 33533] [client ::1:55315] PHP Warning:  Undefined array key "material" in /Users/enge552/localhost/test.php on line 35, referer: http://localhost/
[Wed Apr 27 16:21:30.183656 2022] [php:warn] [pid 33533] [client ::1:55315] PHP Warning:  Undefined array key "material" in /Users/enge552/localhost/test.php on line 35, referer: http://localhost/
[Wed Apr 27 16:21:30.183685 2022] [php:warn] [pid 33533] [client ::1:55315] PHP Warning:  Undefined array key "material" in /Users/enge552/localhost/test.php on line 35, referer: http://localhost/
[Wed Apr 27 16:21:30.183713 2022] [php:warn] [pid 33533] [client ::1:55315] PHP Warning:  Undefined array key "material" in /Users/enge552/localhost/test.php on line 35, referer: http://localhost/
[Wed Apr 27 16:21:30.183736 2022] [php:warn] [pid 33533] [client ::1:55315] PHP Warning:  Undefined array key "material" in /Users/enge552/localhost/test.php on line 35, referer: http://localhost/
[Wed Apr 27 16:21:30.183755 2022] [php:warn] [pid 33533] [client ::1:55315] PHP Warning:  Undefined array key "material" in /Users/enge552/localhost/test.php on line 35, referer: http://localhost/
[Wed Apr 27 16:21:30.183773 2022] [php:warn] [pid 33533] [client ::1:55315] PHP Warning:  Undefined array key "material" in /Users/enge552/localhost/test.php on line 35, referer: http://localhost/
[Wed Apr 27 16:21:30.183799 2022] [php:warn] [pid 33533] [client ::1:55315] PHP Warning:  Undefined array key "material" in /Users/enge552/localhost/test.php on line 35, referer: http://localhost/
[Wed Apr 27 16:21:30.183832 2022] [php:warn] [pid 33533] [client ::1:55315] PHP Warning:  Undefined array key "material" in /Users/enge552/localhost/test.php on line 35, referer: http://localhost/
[Wed Apr 27 16:21:30.183859 2022] [php:warn] [pid 33533] [client ::1:55315] PHP Warning:  Undefined array key "material" in /Users/enge552/localhost/test.php on line 35, referer: http://localhost/
[Wed Apr 27 16:21:30.183886 2022] [php:warn] [pid 33533] [client ::1:55315] PHP Warning:  Undefined array key "material" in /Users/enge552/localhost/test.php on line 35, referer: http://localhost/
[Wed Apr 27 16:21:30.183912 2022] [php:warn] [pid 33533] [client ::1:55315] PHP Warning:  Undefined array key "material" in /Users/enge552/localhost/test.php on line 35, referer: http://localhost/
[Wed Apr 27 16:21:30.183990 2022] [php:warn] [pid 33533] [client ::1:55315] PHP Warning:  Undefined array key "material" in /Users/enge552/localhost/test.php on line 35, referer: http://localhost/
[Wed Apr 27 16:21:30.184027 2022] [php:warn] [pid 33533] [client ::1:55315] PHP Warning:  Undefined array key "material" in /Users/enge552/localhost/test.php on line 35, referer: http://localhost/
[Wed Apr 27 16:21:30.184053 2022] [php:warn] [pid 33533] [client ::1:55315] PHP Warning:  Undefined array key "material" in /Users/enge552/localhost/test.php on line 35, referer: http://localhost/
[Wed Apr 27 16:21:30.184081 2022] [php:warn] [pid 33533] [client ::1:55315] PHP Warning:  Undefined array key "material" in /Users/enge552/localhost/test.php on line 35, referer: http://localhost/
[Wed Apr 27 16:21:30.184107 2022] [php:warn] [pid 33533] [client ::1:55315] PHP Warning:  Undefined array key "material" in /Users/enge552/localhost/test.php on line 35, referer: http://localhost/
[Wed Apr 27 16:21:30.184135 2022] [php:warn] [pid 33533] [client ::1:55315] PHP Warning:  Undefined array key "material" in /Users/enge552/localhost/test.php on line 35, referer: http://localhost/
[Wed Apr 27 16:21:30.184166 2022] [php:warn] [pid 33533] [client ::1:55315] PHP Warning:  Undefined array key "material" in /Users/enge552/localhost/test.php on line 35, referer: http://localhost/
[Wed Apr 27 16:21:30.184196 2022] [php:warn] [pid 33533] [client ::1:55315] PHP Warning:  Undefined array key "material" in /Users/enge552/localhost/test.php on line 35, referer: http://localhost/
[Wed Apr 27 16:21:30.184226 2022] [php:warn] [pid 33533] [client ::1:55315] PHP Warning:  Undefined array key "material" in /Users/enge552/localhost/test.php on line 35, referer: http://localhost/
[Wed Apr 27 16:21:30.184254 2022] [php:warn] [pid 33533] [client ::1:55315] PHP Warning:  Undefined array key "material" in /Users/enge552/localhost/test.php on line 35, referer: http://localhost/
[Wed Apr 27 16:21:30.184283 2022] [php:warn] [pid 33533] [client ::1:55315] PHP Warning:  Undefined array key "material" in /Users/enge552/localhost/test.php on line 35, referer: http://localhost/
[Wed Apr 27 16:21:30.184312 2022] [php:warn] [pid 33533] [client ::1:55315] PHP Warning:  Undefined array key "material" in /Users/enge552/localhost/test.php on line 35, referer: http://localhost/
[Wed Apr 27 16:21:30.184341 2022] [php:warn] [pid 33533] [client ::1:55315] PHP Warning:  Undefined array key "material" in /Users/enge552/localhost/test.php on line 35, referer: http://localhost/
[Wed Apr 27 16:21:30.184408 2022] [php:warn] [pid 33533] [client ::1:55315] PHP Warning:  Undefined array key "material" in /Users/enge552/localhost/test.php on line 35, referer: http://localhost/
[Wed Apr 27 23:10:25.660713 2022] [php:warn] [pid 33462] [client ::1:58098] PHP Warning:  Attempt to read property "rows" on string in /Users/enge552/localhost/show.php on line 18, referer: http://localhost/index.php
[Wed Apr 27 23:10:25.705598 2022] [php:warn] [pid 33462] [client ::1:58098] PHP Warning:  foreach() argument must be of type array|object, null given in /Users/enge552/localhost/show.php on line 18, referer: http://localhost/index.php
[Wed Apr 27 23:10:25.705649 2022] [php:warn] [pid 33462] [client ::1:58098] PHP Warning:  Undefined variable $link in /Users/enge552/localhost/show.php on line 27, referer: http://localhost/index.php
[Wed Apr 27 23:10:25.708612 2022] [php:error] [pid 33462] [client ::1:58098] PHP Fatal error:  Uncaught TypeError: mysqli_query(): Argument #1 ($mysql) must be of type mysqli, null given in /Users/enge552/localhost/show.php:27\nStack trace:\n#0 /Users/enge552/localhost/show.php(27): mysqli_query(NULL, 'SELECT id_jel, ...')\n#1 {main}\n  thrown in /Users/enge552/localhost/show.php on line 27, referer: http://localhost/index.php
[Wed Apr 27 23:10:40.176733 2022] [php:warn] [pid 33528] [client ::1:58099] PHP Warning:  Attempt to read property "rows" on string in /Users/enge552/localhost/show.php on line 18, referer: http://localhost/index.php
[Wed Apr 27 23:10:40.217711 2022] [php:warn] [pid 33528] [client ::1:58099] PHP Warning:  foreach() argument must be of type array|object, null given in /Users/enge552/localhost/show.php on line 18, referer: http://localhost/index.php
[Wed Apr 27 23:10:40.217758 2022] [php:warn] [pid 33528] [client ::1:58099] PHP Warning:  Undefined variable $link in /Users/enge552/localhost/show.php on line 27, referer: http://localhost/index.php
[Wed Apr 27 23:10:40.217843 2022] [php:error] [pid 33528] [client ::1:58099] PHP Fatal error:  Uncaught TypeError: mysqli_query(): Argument #1 ($mysql) must be of type mysqli, null given in /Users/enge552/localhost/show.php:27\nStack trace:\n#0 /Users/enge552/localhost/show.php(27): mysqli_query(NULL, 'SELECT id_jel, ...')\n#1 {main}\n  thrown in /Users/enge552/localhost/show.php on line 27, referer: http://localhost/index.php
[Wed Apr 27 23:10:45.790054 2022] [php:warn] [pid 33533] [client ::1:58101] PHP Warning:  Attempt to read property "rows" on string in /Users/enge552/localhost/show.php on line 18, referer: http://localhost/index.php
[Wed Apr 27 23:10:45.790611 2022] [php:warn] [pid 33533] [client ::1:58101] PHP Warning:  foreach() argument must be of type array|object, null given in /Users/enge552/localhost/show.php on line 18, referer: http://localhost/index.php
[Wed Apr 27 23:10:45.790638 2022] [php:warn] [pid 33533] [client ::1:58101] PHP Warning:  Undefined variable $link in /Users/enge552/localhost/show.php on line 27, referer: http://localhost/index.php
[Wed Apr 27 23:10:45.790740 2022] [php:error] [pid 33533] [client ::1:58101] PHP Fatal error:  Uncaught TypeError: mysqli_query(): Argument #1 ($mysql) must be of type mysqli, null given in /Users/enge552/localhost/show.php:27\nStack trace:\n#0 /Users/enge552/localhost/show.php(27): mysqli_query(NULL, 'SELECT id_jel, ...')\n#1 {main}\n  thrown in /Users/enge552/localhost/show.php on line 27, referer: http://localhost/index.php
[Thu Apr 28 23:16:14.380510 2022] [php:warn] [pid 33528] [client ::1:61316] PHP Warning:  Attempt to read property "rows" on string in /Users/enge552/localhost/show.php on line 18, referer: http://localhost/index.php
[Thu Apr 28 23:16:14.422007 2022] [php:warn] [pid 33528] [client ::1:61316] PHP Warning:  foreach() argument must be of type array|object, null given in /Users/enge552/localhost/show.php on line 18, referer: http://localhost/index.php
[Thu Apr 28 23:16:14.422167 2022] [php:warn] [pid 33528] [client ::1:61316] PHP Warning:  Undefined variable $link in /Users/enge552/localhost/show.php on line 27, referer: http://localhost/index.php
[Thu Apr 28 23:16:14.422751 2022] [php:error] [pid 33528] [client ::1:61316] PHP Fatal error:  Uncaught TypeError: mysqli_query(): Argument #1 ($mysql) must be of type mysqli, null given in /Users/enge552/localhost/show.php:27\nStack trace:\n#0 /Users/enge552/localhost/show.php(27): mysqli_query(NULL, 'SELECT id_jel, ...')\n#1 {main}\n  thrown in /Users/enge552/localhost/show.php on line 27, referer: http://localhost/index.php
[Sat Apr 30 13:31:20.451448 2022] [php:warn] [pid 33507] [client ::1:52752] PHP Warning:  Undefined array key "id_cat" in /Users/enge552/localhost/test.php on line 13, referer: http://localhost/index.php
[Sat Apr 30 13:31:36.176366 2022] [php:warn] [pid 33385] [client ::1:52765] PHP Warning:  Undefined array key "id_cat" in /Users/enge552/localhost/test.php on line 13, referer: http://localhost/test.php?type=1&id_col=/1/
[Sat Apr 30 13:31:39.163253 2022] [php:warn] [pid 33385] [client ::1:52765] PHP Warning:  Undefined array key "id_col" in /Users/enge552/localhost/test.php on line 12, referer: http://localhost/test.php?type=1&id_col=/2/
[Sat Apr 30 13:31:43.553471 2022] [php:warn] [pid 33382] [client ::1:52766] PHP Warning:  Undefined array key "id_col" in /Users/enge552/localhost/test.php on line 12, referer: http://localhost/test.php?type=2&id_cat=/2/
[Sat Apr 30 13:31:43.594840 2022] [php:warn] [pid 33382] [client ::1:52766] PHP Warning:  Undefined array key "id_cat" in /Users/enge552/localhost/test.php on line 13, referer: http://localhost/test.php?type=2&id_cat=/2/
[Sat Apr 30 13:31:43.595064 2022] [php:warn] [pid 33382] [client ::1:52766] PHP Warning:  Undefined array key "type" in /Users/enge552/localhost/test.php on line 14, referer: http://localhost/test.php?type=2&id_cat=/2/
[Sat Apr 30 13:32:51.638743 2022] [php:warn] [pid 37470] [client ::1:52773] PHP Warning:  Undefined variable $HTTP_GET_VARS in /Users/enge552/localhost/test.php on line 12, referer: http://localhost/test.php?type=2&id_cat=/2/
[Sat Apr 30 13:32:51.642153 2022] [php:warn] [pid 37470] [client ::1:52773] PHP Warning:  Trying to access array offset on value of type null in /Users/enge552/localhost/test.php on line 12, referer: http://localhost/test.php?type=2&id_cat=/2/
[Sat Apr 30 13:32:51.642249 2022] [php:warn] [pid 37470] [client ::1:52773] PHP Warning:  Undefined array key "id_cat" in /Users/enge552/localhost/test.php on line 13, referer: http://localhost/test.php?type=2&id_cat=/2/
[Sat Apr 30 13:32:51.642280 2022] [php:warn] [pid 37470] [client ::1:52773] PHP Warning:  Undefined array key "type" in /Users/enge552/localhost/test.php on line 14, referer: http://localhost/test.php?type=2&id_cat=/2/
[Sat Apr 30 13:33:13.749816 2022] [php:warn] [pid 39340] [client ::1:52783] PHP Warning:  Undefined array key "id_col" in /Users/enge552/localhost/test.php on line 12, referer: http://localhost/test.php?type=2&id_cat=/2/
[Sat Apr 30 13:33:13.750819 2022] [php:warn] [pid 39340] [client ::1:52783] PHP Warning:  Undefined array key "id_cat" in /Users/enge552/localhost/test.php on line 13, referer: http://localhost/test.php?type=2&id_cat=/2/
[Sat Apr 30 13:33:13.750855 2022] [php:warn] [pid 39340] [client ::1:52783] PHP Warning:  Undefined array key "type" in /Users/enge552/localhost/test.php on line 14, referer: http://localhost/test.php?type=2&id_cat=/2/
[Sat Apr 30 13:33:36.141981 2022] [php:warn] [pid 33462] [client ::1:52787] PHP Warning:  Undefined array key "id_col" in /Users/enge552/localhost/test.php on line 14, referer: http://localhost/test.php?type=2&id_cat=/2/
[Sat Apr 30 13:33:36.185251 2022] [php:warn] [pid 33462] [client ::1:52787] PHP Warning:  Undefined array key "id_cat" in /Users/enge552/localhost/test.php on line 15, referer: http://localhost/test.php?type=2&id_cat=/2/
[Sat Apr 30 13:33:36.185362 2022] [php:warn] [pid 33462] [client ::1:52787] PHP Warning:  Undefined array key "type" in /Users/enge552/localhost/test.php on line 16, referer: http://localhost/test.php?type=2&id_cat=/2/
[Sat Apr 30 13:43:28.563849 2022] [php:warn] [pid 33507] [client ::1:52927] PHP Warning:  Undefined variable $lookup_table in /Users/enge552/localhost/test.php on line 12, referer: http://localhost/test.php?type=2&id_cat=/2/
[Sat Apr 30 13:43:28.604546 2022] [php:warn] [pid 33507] [client ::1:52927] PHP Warning:  Trying to access array offset on value of type null in /Users/enge552/localhost/test.php on line 12, referer: http://localhost/test.php?type=2&id_cat=/2/
[Sat Apr 30 13:43:28.604598 2022] [php:warn] [pid 33507] [client ::1:52927] PHP Warning:  Undefined array key "id_cat" in /Users/enge552/localhost/test.php on line 13, referer: http://localhost/test.php?type=2&id_cat=/2/
[Sat Apr 30 13:43:28.604617 2022] [php:warn] [pid 33507] [client ::1:52927] PHP Warning:  Undefined array key "type" in /Users/enge552/localhost/test.php on line 14, referer: http://localhost/test.php?type=2&id_cat=/2/
[Sat Apr 30 13:46:40.290956 2022] [php:warn] [pid 33382] [client ::1:52997] PHP Warning:  Undefined array key "id_cat" in /Users/enge552/localhost/test.php on line 14, referer: http://localhost/test.php?type=2&id_cat=/2/
[Sat Apr 30 13:46:40.292727 2022] [php:warn] [pid 33382] [client ::1:52997] PHP Warning:  Undefined array key "type" in /Users/enge552/localhost/test.php on line 15, referer: http://localhost/test.php?type=2&id_cat=/2/
[Sat Apr 30 13:51:40.283749 2022] [php:warn] [pid 33460] [client ::1:53067] PHP Warning:  Undefined variable $strSQL1 in /Users/enge552/localhost/test.php on line 40, referer: http://localhost/test.php?type=2&id_cat=2
[Sat Apr 30 13:51:40.337998 2022] [php:error] [pid 33460] [client ::1:53067] PHP Fatal error:  Uncaught ValueError: mysqli::query(): Argument #1 ($query) cannot be empty in /Users/enge552/localhost/test.php:40\nStack trace:\n#0 /Users/enge552/localhost/test.php(40): mysqli->query('')\n#1 {main}\n  thrown in /Users/enge552/localhost/test.php on line 40, referer: http://localhost/test.php?type=2&id_cat=2
[Sat Apr 30 13:51:48.196025 2022] [php:error] [pid 33507] [client ::1:53075] PHP Fatal error:  Uncaught mysqli_sql_exception: You have an error in your SQL syntax; check the manual that corresponds to your MySQL server version for the right syntax to use near '' at line 2 in /Users/enge552/localhost/test.php:40\nStack trace:\n#0 /Users/enge552/localhost/test.php(40): mysqli->query('SELECT id_jel, ...')\n#1 {main}\n  thrown in /Users/enge552/localhost/test.php on line 40, referer: http://localhost/test.php
[Sat Apr 30 13:53:43.547187 2022] [php:error] [pid 37470] [client ::1:53093] PHP Fatal error:  Uncaught mysqli_sql_exception: You have an error in your SQL syntax; check the manual that corresponds to your MySQL server version for the right syntax to use near '' at line 2 in /Users/enge552/localhost/test.php:40\nStack trace:\n#0 /Users/enge552/localhost/test.php(40): mysqli->query('SELECT id_jel, ...')\n#1 {main}\n  thrown in /Users/enge552/localhost/test.php on line 40, referer: http://localhost/test.php
[Sat Apr 30 13:53:45.361627 2022] [php:error] [pid 33382] [client ::1:53094] PHP Fatal error:  Uncaught mysqli_sql_exception: You have an error in your SQL syntax; check the manual that corresponds to your MySQL server version for the right syntax to use near '' at line 2 in /Users/enge552/localhost/test.php:40\nStack trace:\n#0 /Users/enge552/localhost/test.php(40): mysqli->query('SELECT id_jel, ...')\n#1 {main}\n  thrown in /Users/enge552/localhost/test.php on line 40, referer: http://localhost/test.php
[Sat Apr 30 13:54:09.076620 2022] [php:error] [pid 36247] [client ::1:53100] PHP Fatal error:  Uncaught mysqli_sql_exception: You have an error in your SQL syntax; check the manual that corresponds to your MySQL server version for the right syntax to use near '' at line 2 in /Users/enge552/localhost/test.php:40\nStack trace:\n#0 /Users/enge552/localhost/test.php(40): mysqli->query('SELECT id_jel, ...')\n#1 {main}\n  thrown in /Users/enge552/localhost/test.php on line 40, referer: http://localhost/test.php
[Sat Apr 30 13:54:23.545578 2022] [php:error] [pid 39340] [client ::1:53105] PHP Fatal error:  Uncaught mysqli_sql_exception: You have an error in your SQL syntax; check the manual that corresponds to your MySQL server version for the right syntax to use near '' at line 2 in /Users/enge552/localhost/test.php:40\nStack trace:\n#0 /Users/enge552/localhost/test.php(40): mysqli->query('SELECT id_jel, ...')\n#1 {main}\n  thrown in /Users/enge552/localhost/test.php on line 40, referer: http://localhost/test.php?type=2&id_cat=/5/
[Sat Apr 30 13:55:52.876332 2022] [php:error] [pid 33507] [client ::1:53126] PHP Fatal error:  Uncaught mysqli_sql_exception: You have an error in your SQL syntax; check the manual that corresponds to your MySQL server version for the right syntax to use near '' at line 2 in /Users/enge552/localhost/test.php:40\nStack trace:\n#0 /Users/enge552/localhost/test.php(40): mysqli->query('SELECT id_jel, ...')\n#1 {main}\n  thrown in /Users/enge552/localhost/test.php on line 40, referer: http://localhost/test.php?type=2&id_cat=/1/
[Sat Apr 30 13:55:59.177508 2022] [php:error] [pid 33385] [client ::1:53127] PHP Fatal error:  Uncaught mysqli_sql_exception: You have an error in your SQL syntax; check the manual that corresponds to your MySQL server version for the right syntax to use near '' at line 2 in /Users/enge552/localhost/test.php:40\nStack trace:\n#0 /Users/enge552/localhost/test.php(40): mysqli->query('SELECT id_jel, ...')\n#1 {main}\n  thrown in /Users/enge552/localhost/test.php on line 40, referer: http://localhost/test.php?type=2&id_cat=/2/
[Sat Apr 30 13:57:03.523414 2022] [php:error] [pid 37470] [client ::1:53133] PHP Fatal error:  Uncaught mysqli_sql_exception: You have an error in your SQL syntax; check the manual that corresponds to your MySQL server version for the right syntax to use near '' at line 2 in /Users/enge552/localhost/test.php:42\nStack trace:\n#0 /Users/enge552/localhost/test.php(42): mysqli->query('SELECT id_jel, ...')\n#1 {main}\n  thrown in /Users/enge552/localhost/test.php on line 42, referer: http://localhost/test.php?type=1&id_col=/2/
[Sat Apr 30 13:57:11.161371 2022] [php:error] [pid 37470] [client ::1:53140] PHP Fatal error:  Uncaught mysqli_sql_exception: You have an error in your SQL syntax; check the manual that corresponds to your MySQL server version for the right syntax to use near '' at line 2 in /Users/enge552/localhost/test.php:42\nStack trace:\n#0 /Users/enge552/localhost/test.php(42): mysqli->query('SELECT id_jel, ...')\n#1 {main}\n  thrown in /Users/enge552/localhost/test.php on line 42, referer: http://localhost/test.php?type=1&id_col=/1/
[Sat Apr 30 21:01:08.049472 2022] [php:warn] [pid 39340] [client ::1:57058] PHP Warning:  Undefined variable $strSQL1 in /Users/enge552/localhost/test.php on line 42, referer: http://localhost/test.php?type=2&id_cat=/4/
[Sat Apr 30 21:01:08.093184 2022] [php:error] [pid 39340] [client ::1:57058] PHP Fatal error:  Uncaught ValueError: mysqli::query(): Argument #1 ($query) cannot be empty in /Users/enge552/localhost/test.php:42\nStack trace:\n#0 /Users/enge552/localhost/test.php(42): mysqli->query('')\n#1 {main}\n  thrown in /Users/enge552/localhost/test.php on line 42, referer: http://localhost/test.php?type=2&id_cat=/4/
[Sat Apr 30 21:01:14.245798 2022] [php:error] [pid 33385] [client ::1:57069] PHP Fatal error:  Uncaught mysqli_sql_exception: You have an error in your SQL syntax; check the manual that corresponds to your MySQL server version for the right syntax to use near '' at line 2 in /Users/enge552/localhost/test.php:42\nStack trace:\n#0 /Users/enge552/localhost/test.php(42): mysqli->query('SELECT id_jel, ...')\n#1 {main}\n  thrown in /Users/enge552/localhost/test.php on line 42, referer: http://localhost/test.php?type=1&id_col=/1/
[Sat Apr 30 21:01:47.362740 2022] [php:error] [pid 33462] [client ::1:57076] PHP Fatal error:  Uncaught mysqli_sql_exception: You have an error in your SQL syntax; check the manual that corresponds to your MySQL server version for the right syntax to use near '' at line 2 in /Users/enge552/localhost/test.php:42\nStack trace:\n#0 /Users/enge552/localhost/test.php(42): mysqli->query('SELECT id_jel, ...')\n#1 {main}\n  thrown in /Users/enge552/localhost/test.php on line 42, referer: http://localhost/test.php?type=1&id_col=/1/
[Sat Apr 30 21:02:33.534386 2022] [php:warn] [pid 36247] [client ::1:57085] PHP Warning:  Undefined variable $strSQL1 in /Users/enge552/localhost/test.php on line 42, referer: http://localhost/test.php?type=1&id_col=/4/
[Sat Apr 30 21:02:33.579612 2022] [php:error] [pid 36247] [client ::1:57085] PHP Fatal error:  Uncaught ValueError: mysqli::query(): Argument #1 ($query) cannot be empty in /Users/enge552/localhost/test.php:42\nStack trace:\n#0 /Users/enge552/localhost/test.php(42): mysqli->query('')\n#1 {main}\n  thrown in /Users/enge552/localhost/test.php on line 42, referer: http://localhost/test.php?type=1&id_col=/4/
[Sat Apr 30 21:02:38.803593 2022] [php:error] [pid 33460] [client ::1:57087] PHP Fatal error:  Uncaught mysqli_sql_exception: You have an error in your SQL syntax; check the manual that corresponds to your MySQL server version for the right syntax to use near '' at line 2 in /Users/enge552/localhost/test.php:42\nStack trace:\n#0 /Users/enge552/localhost/test.php(42): mysqli->query('SELECT id_jel, ...')\n#1 {main}\n  thrown in /Users/enge552/localhost/test.php on line 42, referer: http://localhost/test.php
[Sat Apr 30 21:04:44.137180 2022] [php:error] [pid 33507] [client ::1:57116] PHP Fatal error:  Uncaught mysqli_sql_exception: You have an error in your SQL syntax; check the manual that corresponds to your MySQL server version for the right syntax to use near '' at line 2 in /Users/enge552/localhost/test.php:42\nStack trace:\n#0 /Users/enge552/localhost/test.php(42): mysqli->query('SELECT id_jel, ...')\n#1 {main}\n  thrown in /Users/enge552/localhost/test.php on line 42
[Sat Apr 30 21:04:46.166963 2022] [php:error] [pid 33507] [client ::1:57116] PHP Fatal error:  Uncaught mysqli_sql_exception: You have an error in your SQL syntax; check the manual that corresponds to your MySQL server version for the right syntax to use near '' at line 2 in /Users/enge552/localhost/test.php:42\nStack trace:\n#0 /Users/enge552/localhost/test.php(42): mysqli->query('SELECT id_jel, ...')\n#1 {main}\n  thrown in /Users/enge552/localhost/test.php on line 42, referer: http://localhost/test.php?type=2&id_col=2
[Sat Apr 30 21:04:50.876255 2022] [php:error] [pid 33460] [client ::1:57117] PHP Fatal error:  Uncaught mysqli_sql_exception: You have an error in your SQL syntax; check the manual that corresponds to your MySQL server version for the right syntax to use near '' at line 2 in /Users/enge552/localhost/test.php:42\nStack trace:\n#0 /Users/enge552/localhost/test.php(42): mysqli->query('SELECT id_jel, ...')\n#1 {main}\n  thrown in /Users/enge552/localhost/test.php on line 42, referer: http://localhost/test.php?type=1&id_col=/1/
[Sat Apr 30 21:04:52.884871 2022] [php:error] [pid 33507] [client ::1:57116] PHP Fatal error:  Uncaught mysqli_sql_exception: You have an error in your SQL syntax; check the manual that corresponds to your MySQL server version for the right syntax to use near '' at line 2 in /Users/enge552/localhost/test.php:42\nStack trace:\n#0 /Users/enge552/localhost/test.php(42): mysqli->query('SELECT id_jel, ...')\n#1 {main}\n  thrown in /Users/enge552/localhost/test.php on line 42, referer: http://localhost/test.php?type=1&id_col=/2/
[Sat Apr 30 21:04:55.171165 2022] [php:error] [pid 33460] [client ::1:57117] PHP Fatal error:  Uncaught mysqli_sql_exception: You have an error in your SQL syntax; check the manual that corresponds to your MySQL server version for the right syntax to use near '' at line 2 in /Users/enge552/localhost/test.php:42\nStack trace:\n#0 /Users/enge552/localhost/test.php(42): mysqli->query('SELECT id_jel, ...')\n#1 {main}\n  thrown in /Users/enge552/localhost/test.php on line 42, referer: http://localhost/test.php?type=1&id_col=/3/
[Sat Apr 30 21:07:09.148862 2022] [php:error] [pid 39340] [client ::1:57157] PHP Fatal error:  Uncaught mysqli_sql_exception: You have an error in your SQL syntax; check the manual that corresponds to your MySQL server version for the right syntax to use near '' at line 2 in /Users/enge552/localhost/test.php:42\nStack trace:\n#0 /Users/enge552/localhost/test.php(42): mysqli->query('SELECT id_jel, ...')\n#1 {main}\n  thrown in /Users/enge552/localhost/test.php on line 42, referer: http://localhost/test.php?type=2&id_cat=/1/
[Sat Apr 30 21:09:16.752185 2022] [php:error] [pid 33507] [client ::1:57180] PHP Fatal error:  Uncaught mysqli_sql_exception: You have an error in your SQL syntax; check the manual that corresponds to your MySQL server version for the right syntax to use near '' at line 2 in /Users/enge552/localhost/test.php:44\nStack trace:\n#0 /Users/enge552/localhost/test.php(44): mysqli->query('SELECT id_jel, ...')\n#1 {main}\n  thrown in /Users/enge552/localhost/test.php on line 44, referer: http://localhost/test.php?type=2&id_cat=/3/
[Sat Apr 30 21:09:19.080033 2022] [php:error] [pid 33507] [client ::1:57180] PHP Fatal error:  Uncaught mysqli_sql_exception: You have an error in your SQL syntax; check the manual that corresponds to your MySQL server version for the right syntax to use near '' at line 2 in /Users/enge552/localhost/test.php:44\nStack trace:\n#0 /Users/enge552/localhost/test.php(44): mysqli->query('SELECT id_jel, ...')\n#1 {main}\n  thrown in /Users/enge552/localhost/test.php on line 44, referer: http://localhost/test.php?type=1&id_col=/1/
[Sat Apr 30 21:09:20.763794 2022] [php:error] [pid 33460] [client ::1:57181] PHP Fatal error:  Uncaught mysqli_sql_exception: You have an error in your SQL syntax; check the manual that corresponds to your MySQL server version for the right syntax to use near '' at line 2 in /Users/enge552/localhost/test.php:44\nStack trace:\n#0 /Users/enge552/localhost/test.php(44): mysqli->query('SELECT id_jel, ...')\n#1 {main}\n  thrown in /Users/enge552/localhost/test.php on line 44, referer: http://localhost/test.php?type=1&id_col=/2/
[Sat Apr 30 21:09:22.122243 2022] [php:error] [pid 33507] [client ::1:57180] PHP Fatal error:  Uncaught mysqli_sql_exception: You have an error in your SQL syntax; check the manual that corresponds to your MySQL server version for the right syntax to use near '' at line 2 in /Users/enge552/localhost/test.php:44\nStack trace:\n#0 /Users/enge552/localhost/test.php(44): mysqli->query('SELECT id_jel, ...')\n#1 {main}\n  thrown in /Users/enge552/localhost/test.php on line 44, referer: http://localhost/test.php?type=1&id_col=/3/
[Sat Apr 30 21:09:31.550212 2022] [php:error] [pid 33507] [client ::1:57180] PHP Fatal error:  Uncaught mysqli_sql_exception: You have an error in your SQL syntax; check the manual that corresponds to your MySQL server version for the right syntax to use near '' at line 2 in /Users/enge552/localhost/test.php:44\nStack trace:\n#0 /Users/enge552/localhost/test.php(44): mysqli->query('SELECT id_jel, ...')\n#1 {main}\n  thrown in /Users/enge552/localhost/test.php on line 44, referer: http://localhost/test.php?type=2&id_cat=/2/
[Sat Apr 30 21:10:18.740993 2022] [php:error] [pid 36247] [client ::1:57194] PHP Fatal error:  Uncaught mysqli_sql_exception: You have an error in your SQL syntax; check the manual that corresponds to your MySQL server version for the right syntax to use near '' at line 2 in /Users/enge552/localhost/test.php:40\nStack trace:\n#0 /Users/enge552/localhost/test.php(40): mysqli->query('SELECT id_jel, ...')\n#1 {main}\n  thrown in /Users/enge552/localhost/test.php on line 40, referer: http://localhost/test.php?type=2&id_cat=/2/
[Sat Apr 30 21:10:21.446426 2022] [php:error] [pid 36247] [client ::1:57194] PHP Fatal error:  Uncaught mysqli_sql_exception: You have an error in your SQL syntax; check the manual that corresponds to your MySQL server version for the right syntax to use near '' at line 2 in /Users/enge552/localhost/test.php:40\nStack trace:\n#0 /Users/enge552/localhost/test.php(40): mysqli->query('SELECT id_jel, ...')\n#1 {main}\n  thrown in /Users/enge552/localhost/test.php on line 40, referer: http://localhost/test.php?type=1&id_col=/1/
[Sat Apr 30 21:10:40.263301 2022] [php:error] [pid 33462] [client ::1:57202] PHP Fatal error:  Uncaught mysqli_sql_exception: You have an error in your SQL syntax; check the manual that corresponds to your MySQL server version for the right syntax to use near '' at line 2 in /Users/enge552/localhost/test.php:40\nStack trace:\n#0 /Users/enge552/localhost/test.php(40): mysqli->query('SELECT id_jel, ...')\n#1 {main}\n  thrown in /Users/enge552/localhost/test.php on line 40, referer: http://localhost/test.php?type=2&id_cat=/1/
[Sat Apr 30 21:14:12.997462 2022] [php:error] [pid 33382] [client ::1:57228] PHP Fatal error:  Uncaught mysqli_sql_exception: You have an error in your SQL syntax; check the manual that corresponds to your MySQL server version for the right syntax to use near '' at line 2 in /Users/enge552/localhost/test.php:40\nStack trace:\n#0 /Users/enge552/localhost/test.php(40): mysqli->query('SELECT id_jel, ...')\n#1 {main}\n  thrown in /Users/enge552/localhost/test.php on line 40, referer: http://localhost/test.php?type=1&id_col=/1/
[Sat Apr 30 21:15:06.776056 2022] [php:error] [pid 33507] [client ::1:57246] PHP Fatal error:  Uncaught mysqli_sql_exception: You have an error in your SQL syntax; check the manual that corresponds to your MySQL server version for the right syntax to use near '' at line 2 in /Users/enge552/localhost/test.php:40\nStack trace:\n#0 /Users/enge552/localhost/test.php(40): mysqli->query('SELECT id_jel, ...')\n#1 {main}\n  thrown in /Users/enge552/localhost/test.php on line 40, referer: http://localhost/test.php?type=2&id_cat=3
[Sun May 01 10:07:37.824946 2022] [php:error] [pid 37470] [client ::1:59395] PHP Fatal error:  Uncaught mysqli_sql_exception: You have an error in your SQL syntax; check the manual that corresponds to your MySQL server version for the right syntax to use near '' at line 2 in /Users/enge552/localhost/test.php:40\nStack trace:\n#0 /Users/enge552/localhost/test.php(40): mysqli->query('SELECT id_jel, ...')\n#1 {main}\n  thrown in /Users/enge552/localhost/test.php on line 40, referer: http://localhost/test.php?type=2&id_cat=2
[Sun May 01 10:07:57.108239 2022] [php:warn] [pid 39340] [client ::1:59403] PHP Warning:  Undefined variable $strSQL1 in /Users/enge552/localhost/test.php on line 40, referer: http://localhost/test.php?type=1&id_col=1
[Sun May 01 10:07:57.109061 2022] [php:error] [pid 39340] [client ::1:59403] PHP Fatal error:  Uncaught ValueError: mysqli::query(): Argument #1 ($query) cannot be empty in /Users/enge552/localhost/test.php:40\nStack trace:\n#0 /Users/enge552/localhost/test.php(40): mysqli->query('')\n#1 {main}\n  thrown in /Users/enge552/localhost/test.php on line 40, referer: http://localhost/test.php?type=1&id_col=1
[Sun May 01 10:08:03.558430 2022] [php:error] [pid 39340] [client ::1:59405] PHP Fatal error:  Uncaught mysqli_sql_exception: You have an error in your SQL syntax; check the manual that corresponds to your MySQL server version for the right syntax to use near '' at line 2 in /Users/enge552/localhost/test.php:40\nStack trace:\n#0 /Users/enge552/localhost/test.php(40): mysqli->query('SELECT id_jel, ...')\n#1 {main}\n  thrown in /Users/enge552/localhost/test.php on line 40, referer: http://localhost/test.php
[Sun May 01 10:10:43.104961 2022] [php:error] [pid 41218] [client ::1:59436] PHP Fatal error:  Uncaught Error: Undefined constant "footer" in /Users/enge552/localhost/test.php:63\nStack trace:\n#0 {main}\n  thrown in /Users/enge552/localhost/test.php on line 63, referer: http://localhost/index.php
[Sun May 01 12:04:03.462721 2022] [php:error] [pid 39340] [client ::1:60094] PHP Fatal error:  Uncaught mysqli_sql_exception: You have an error in your SQL syntax; check the manual that corresponds to your MySQL server version for the right syntax to use near '' at line 2 in /Users/enge552/localhost/test.php:40\nStack trace:\n#0 /Users/enge552/localhost/test.php(40): mysqli->query('SELECT id_jel, ...')\n#1 {main}\n  thrown in /Users/enge552/localhost/test.php on line 40, referer: http://localhost/test.php?type=2&id_cat=2
[Mon May 09 00:33:18.916570 2022] [core:warn] [pid 584] AH00098: pid file /usr/local/var/run/httpd/httpd.pid overwritten -- Unclean shutdown of previous Apache run?
[Mon May 09 00:33:18.930768 2022] [mpm_prefork:notice] [pid 584] AH00163: Apache/2.4.53 (Unix) PHP/8.1.4 configured -- resuming normal operations
[Mon May 09 00:33:18.930848 2022] [core:notice] [pid 584] AH00094: Command line: '/usr/local/opt/httpd/bin/httpd -D FOREGROUND'
[Wed May 11 20:10:20.880016 2022] [php:error] [pid 606] [client ::1:59629] PHP Fatal error:  Uncaught mysqli_sql_exception: No such file or directory in /Users/enge552/localhost/header.php:40\nStack trace:\n#0 /Users/enge552/localhost/header.php(40): mysqli_connect('localhost', 'root', 'root', 'jewelry')\n#1 /Users/enge552/localhost/index.php(1): include('/Users/enge552/...')\n#2 {main}\n  thrown in /Users/enge552/localhost/header.php on line 40
[Thu May 12 15:52:49.518907 2022] [php:error] [pid 607] [client 10.17.33.186:62102] PHP Fatal error:  Uncaught mysqli_sql_exception: No such file or directory in /Users/enge552/localhost/header.php:40\nStack trace:\n#0 /Users/enge552/localhost/header.php(40): mysqli_connect('localhost', 'root', 'root', 'jewelry')\n#1 /Users/enge552/localhost/index.php(1): include('/Users/enge552/...')\n#2 {main}\n  thrown in /Users/enge552/localhost/header.php on line 40
[Thu May 12 16:38:54.163569 2022] [php:error] [pid 608] [client ::1:49244] PHP Fatal error:  Uncaught mysqli_sql_exception: No such file or directory in /Users/enge552/localhost/header.php:40\nStack trace:\n#0 /Users/enge552/localhost/header.php(40): mysqli_connect('localhost', 'root', 'root', 'jewelry')\n#1 /Users/enge552/localhost/index.php(1): include('/Users/enge552/...')\n#2 {main}\n  thrown in /Users/enge552/localhost/header.php on line 40, referer: http://localhost/test.php?type=2&id_cat=4
[Thu May 12 17:14:08.000168 2022] [php:error] [pid 23776] [client 10.17.33.54:58989] PHP Fatal error:  Uncaught mysqli_sql_exception: No such file or directory in /Users/enge552/localhost/header.php:40\nStack trace:\n#0 /Users/enge552/localhost/header.php(40): mysqli_connect('localhost', 'root', 'root', 'jewelry')\n#1 /Users/enge552/localhost/index.php(1): include('/Users/enge552/...')\n#2 {main}\n  thrown in /Users/enge552/localhost/header.php on line 40
[Thu May 12 17:14:08.003090 2022] [php:error] [pid 606] [client 10.17.33.156:63387] PHP Fatal error:  Uncaught mysqli_sql_exception: No such file or directory in /Users/enge552/localhost/header.php:40\nStack trace:\n#0 /Users/enge552/localhost/header.php(40): mysqli_connect('localhost', 'root', 'root', 'jewelry')\n#1 /Users/enge552/localhost/index.php(1): include('/Users/enge552/...')\n#2 {main}\n  thrown in /Users/enge552/localhost/header.php on line 40
[Thu May 12 18:40:15.608141 2022] [php:error] [pid 29369] [client 10.17.33.156:64311] PHP Fatal error:  Uncaught mysqli_sql_exception: No such file or directory in /Users/enge552/localhost/header.php:40\nStack trace:\n#0 /Users/enge552/localhost/header.php(40): mysqli_connect('localhost', 'root', 'root', 'jewelry')\n#1 /Users/enge552/localhost/index.php(1): include('/Users/enge552/...')\n#2 {main}\n  thrown in /Users/enge552/localhost/header.php on line 40
[Thu May 12 18:40:15.703074 2022] [php:error] [pid 607] [client 10.17.36.151:62501] PHP Fatal error:  Uncaught mysqli_sql_exception: No such file or directory in /Users/enge552/localhost/header.php:40\nStack trace:\n#0 /Users/enge552/localhost/header.php(40): mysqli_connect('localhost', 'root', 'root', 'jewelry')\n#1 /Users/enge552/localhost/index.php(1): include('/Users/enge552/...')\n#2 {main}\n  thrown in /Users/enge552/localhost/header.php on line 40
[Thu May 12 18:40:21.368308 2022] [php:error] [pid 605] [client fe80::9c3b:7640:9b46:4510%en0:62504] PHP Fatal error:  Uncaught mysqli_sql_exception: No such file or directory in /Users/enge552/localhost/header.php:40\nStack trace:\n#0 /Users/enge552/localhost/header.php(40): mysqli_connect('localhost', 'root', 'root', 'jewelry')\n#1 /Users/enge552/localhost/index.php(1): include('/Users/enge552/...')\n#2 {main}\n  thrown in /Users/enge552/localhost/header.php on line 40
[Thu May 12 22:53:20.486368 2022] [php:error] [pid 609] [client ::1:52561] PHP Fatal error:  Uncaught mysqli_sql_exception: No such file or directory in /Users/enge552/localhost/header.php:40\nStack trace:\n#0 /Users/enge552/localhost/header.php(40): mysqli_connect('localhost', 'root', 'root', 'jewelry')\n#1 /Users/enge552/localhost/index.php(1): include('/Users/enge552/...')\n#2 {main}\n  thrown in /Users/enge552/localhost/header.php on line 40
[Thu May 12 22:53:31.390078 2022] [php:error] [pid 23776] [client ::1:52562] PHP Fatal error:  Uncaught mysqli_sql_exception: No such file or directory in /Users/enge552/localhost/header.php:40\nStack trace:\n#0 /Users/enge552/localhost/header.php(40): mysqli_connect('localhost', 'root', 'root', 'jewelry')\n#1 /Users/enge552/localhost/test.php(10): include('/Users/enge552/...')\n#2 {main}\n  thrown in /Users/enge552/localhost/header.php on line 40, referer: http://localhost/
[Thu May 12 22:53:37.601063 2022] [php:error] [pid 606] [client ::1:52569] PHP Fatal error:  Uncaught mysqli_sql_exception: No such file or directory in /Users/enge552/localhost/header.php:40\nStack trace:\n#0 /Users/enge552/localhost/header.php(40): mysqli_connect('localhost', 'root', 'root', 'jewelry')\n#1 /Users/enge552/localhost/index.php(1): include('/Users/enge552/...')\n#2 {main}\n  thrown in /Users/enge552/localhost/header.php on line 40
[Fri May 13 02:00:45.926016 2022] [mpm_prefork:notice] [pid 584] AH00169: caught SIGTERM, shutting down
[Fri May 13 02:00:56.666566 2022] [mpm_prefork:notice] [pid 34017] AH00163: Apache/2.4.53 (Unix) PHP/8.1.4 configured -- resuming normal operations
[Fri May 13 02:00:56.666690 2022] [core:notice] [pid 34017] AH00094: Command line: '/usr/local/opt/httpd/bin/httpd -D FOREGROUND'
[Fri May 13 02:01:08.186319 2022] [php:error] [pid 34020] [client ::1:55284] PHP Fatal error:  Uncaught mysqli_sql_exception: No such file or directory in /Users/enge552/localhost/header.php:40\nStack trace:\n#0 /Users/enge552/localhost/header.php(40): mysqli_connect('localhost', 'root', 'root', 'jewelry')\n#1 /Users/enge552/localhost/index.php(1): include('/Users/enge552/...')\n#2 {main}\n  thrown in /Users/enge552/localhost/header.php on line 40
[Fri May 13 02:01:30.801509 2022] [php:error] [pid 34022] [client ::1:55289] PHP Fatal error:  Uncaught mysqli_sql_exception: No such file or directory in /Users/enge552/localhost/header.php:40\nStack trace:\n#0 /Users/enge552/localhost/header.php(40): mysqli_connect('localhost', 'root', 'root', 'jewelry')\n#1 /Users/enge552/localhost/index.php(1): include('/Users/enge552/...')\n#2 {main}\n  thrown in /Users/enge552/localhost/header.php on line 40
[Fri May 13 02:21:50.682375 2022] [php:error] [pid 34028] [client ::1:56159] PHP Fatal error:  Uncaught mysqli_sql_exception: No such file or directory in /Users/enge552/localhost/header.php:40\nStack trace:\n#0 /Users/enge552/localhost/header.php(40): mysqli_connect('localhost', 'root', 'root', 'jewelry')\n#1 /Users/enge552/localhost/index.php(1): include('/Users/enge552/...')\n#2 {main}\n  thrown in /Users/enge552/localhost/header.php on line 40
[Fri May 13 02:42:36.455280 2022] [php:warn] [pid 34707] [client ::1:56488] PHP Warning:  Undefined variable $strSQL1 in /Users/enge552/localhost/test.php on line 40, referer: http://localhost/test.php?type=2&id_cat=2
[Fri May 13 02:42:36.495883 2022] [php:error] [pid 34707] [client ::1:56488] PHP Fatal error:  Uncaught ValueError: mysqli::query(): Argument #1 ($query) cannot be empty in /Users/enge552/localhost/test.php:40\nStack trace:\n#0 /Users/enge552/localhost/test.php(40): mysqli->query('')\n#1 {main}\n  thrown in /Users/enge552/localhost/test.php on line 40, referer: http://localhost/test.php?type=2&id_cat=2
[Fri May 13 02:44:18.144725 2022] [php:error] [pid 34027] [client ::1:56507] PHP Fatal error:  Uncaught mysqli_sql_exception: You have an error in your SQL syntax; check the manual that corresponds to your MySQL server version for the right syntax to use near '' at line 2 in /Users/enge552/localhost/test.php:40\nStack trace:\n#0 /Users/enge552/localhost/test.php(40): mysqli->query('SELECT id_jel, ...')\n#1 {main}\n  thrown in /Users/enge552/localhost/test.php on line 40, referer: http://localhost/test.php?type=2&id_cat=4
[Fri May 13 02:44:20.634967 2022] [php:error] [pid 34027] [client ::1:56507] PHP Fatal error:  Uncaught mysqli_sql_exception: You have an error in your SQL syntax; check the manual that corresponds to your MySQL server version for the right syntax to use near '' at line 2 in /Users/enge552/localhost/test.php:40\nStack trace:\n#0 /Users/enge552/localhost/test.php(40): mysqli->query('SELECT id_jel, ...')\n#1 {main}\n  thrown in /Users/enge552/localhost/test.php on line 40, referer: http://localhost/test.php?type=1&id_col=2
[Fri May 13 02:47:10.619856 2022] [php:error] [pid 34072] [client ::1:56540] PHP Fatal error:  Uncaught mysqli_sql_exception: You have an error in your SQL syntax; check the manual that corresponds to your MySQL server version for the right syntax to use near '' at line 2 in /Users/enge552/localhost/test.php:40\nStack trace:\n#0 /Users/enge552/localhost/test.php(40): mysqli->query('SELECT id_jel, ...')\n#1 {main}\n  thrown in /Users/enge552/localhost/test.php on line 40, referer: http://localhost/test.php?type=1&id_col=2
[Fri May 13 02:47:13.509134 2022] [php:error] [pid 34072] [client ::1:56540] PHP Fatal error:  Uncaught mysqli_sql_exception: You have an error in your SQL syntax; check the manual that corresponds to your MySQL server version for the right syntax to use near '' at line 2 in /Users/enge552/localhost/test.php:40\nStack trace:\n#0 /Users/enge552/localhost/test.php(40): mysqli->query('SELECT id_jel, ...')\n#1 {main}\n  thrown in /Users/enge552/localhost/test.php on line 40, referer: http://localhost/test.php?type=1&id_col=1
[Fri May 13 02:47:17.608802 2022] [php:error] [pid 34072] [client ::1:56540] PHP Fatal error:  Uncaught mysqli_sql_exception: You have an error in your SQL syntax; check the manual that corresponds to your MySQL server version for the right syntax to use near '' at line 2 in /Users/enge552/localhost/test.php:40\nStack trace:\n#0 /Users/enge552/localhost/test.php(40): mysqli->query('SELECT id_jel, ...')\n#1 {main}\n  thrown in /Users/enge552/localhost/test.php on line 40, referer: http://localhost/test.php?type=1&id_col=1
[Fri May 13 02:48:12.073344 2022] [php:error] [pid 34707] [client ::1:56561] PHP Fatal error:  Uncaught mysqli_sql_exception: You have an error in your SQL syntax; check the manual that corresponds to your MySQL server version for the right syntax to use near '' at line 2 in /Users/enge552/localhost/test.php:40\nStack trace:\n#0 /Users/enge552/localhost/test.php(40): mysqli->query('SELECT id_jel, ...')\n#1 {main}\n  thrown in /Users/enge552/localhost/test.php on line 40, referer: http://localhost/test.php?type=2&id_cat=1
[Fri May 13 02:49:13.184157 2022] [php:error] [pid 34024] [client ::1:56574] PHP Fatal error:  Uncaught mysqli_sql_exception: You have an error in your SQL syntax; check the manual that corresponds to your MySQL server version for the right syntax to use near '' at line 2 in /Users/enge552/localhost/test.php:40\nStack trace:\n#0 /Users/enge552/localhost/test.php(40): mysqli->query('SELECT id_jel, ...')\n#1 {main}\n  thrown in /Users/enge552/localhost/test.php on line 40, referer: http://localhost/test.php?type=1&id_col=2
[Fri May 13 02:49:38.902096 2022] [php:error] [pid 34020] [client ::1:56585] PHP Fatal error:  Uncaught mysqli_sql_exception: You have an error in your SQL syntax; check the manual that corresponds to your MySQL server version for the right syntax to use near '' at line 2 in /Users/enge552/localhost/test.php:40\nStack trace:\n#0 /Users/enge552/localhost/test.php(40): mysqli->query('SELECT id_jel, ...')\n#1 {main}\n  thrown in /Users/enge552/localhost/test.php on line 40, referer: http://localhost/test.php?type=2&id_cat=2
[Fri May 13 03:03:23.687178 2022] [php:warn] [pid 34783] [client ::1:56677] PHP Warning:  Undefined variable $HTTP_COOKIE_VARS in /Users/enge552/localhost/header.php on line 2, referer: http://localhost/test.php?type=2&id_cat=2
[Fri May 13 03:03:23.728953 2022] [php:warn] [pid 34783] [client ::1:56677] PHP Warning:  Trying to access array offset on value of type null in /Users/enge552/localhost/header.php on line 2, referer: http://localhost/test.php?type=2&id_cat=2
[Fri May 13 03:03:23.734479 2022] [php:error] [pid 34783] [client ::1:56677] PHP Fatal error:  Uncaught mysqli_sql_exception: You have an error in your SQL syntax; check the manual that corresponds to your MySQL server version for the right syntax to use near '' at line 2 in /Users/enge552/localhost/test.php:40\nStack trace:\n#0 /Users/enge552/localhost/test.php(40): mysqli->query('SELECT id_jel, ...')\n#1 {main}\n  thrown in /Users/enge552/localhost/test.php on line 40, referer: http://localhost/test.php?type=2&id_cat=2
[Fri May 13 03:04:06.354758 2022] [php:warn] [pid 34814] [client ::1:56701] PHP Warning:  Undefined variable $HTTP_COOKIE_VARS in /Users/enge552/localhost/header.php on line 2, referer: http://localhost/test.php?type=2&id_cat=2
[Fri May 13 03:04:06.355167 2022] [php:warn] [pid 34814] [client ::1:56701] PHP Warning:  Trying to access array offset on value of type null in /Users/enge552/localhost/header.php on line 2, referer: http://localhost/test.php?type=2&id_cat=2
[Fri May 13 03:04:06.358499 2022] [php:error] [pid 34814] [client ::1:56701] PHP Fatal error:  Uncaught mysqli_sql_exception: You have an error in your SQL syntax; check the manual that corresponds to your MySQL server version for the right syntax to use near '' at line 2 in /Users/enge552/localhost/test.php:40\nStack trace:\n#0 /Users/enge552/localhost/test.php(40): mysqli->query('SELECT id_jel, ...')\n#1 {main}\n  thrown in /Users/enge552/localhost/test.php on line 40, referer: http://localhost/test.php?type=2&id_cat=2
[Fri May 13 03:04:26.061572 2022] [php:warn] [pid 34952] [client ::1:56702] PHP Warning:  Undefined variable $uniq_ID in /Users/enge552/localhost/header.php on line 9, referer: http://localhost/test.php?type=2&id_cat=2
[Fri May 13 03:04:26.065339 2022] [php:error] [pid 34952] [client ::1:56702] PHP Fatal error:  Uncaught mysqli_sql_exception: You have an error in your SQL syntax; check the manual that corresponds to your MySQL server version for the right syntax to use near '' at line 2 in /Users/enge552/localhost/test.php:40\nStack trace:\n#0 /Users/enge552/localhost/test.php(40): mysqli->query('SELECT id_jel, ...')\n#1 {main}\n  thrown in /Users/enge552/localhost/test.php on line 40, referer: http://localhost/test.php?type=2&id_cat=2
[Fri May 13 03:10:16.285700 2022] [php:warn] [pid 34069] [client ::1:56749] PHP Warning:  Undefined array key "id_bask" in /Users/enge552/localhost/header.php on line 2, referer: http://localhost/test.php?type=2&id_cat=2
